Microchip MPLAB XC8 Compiler V1.38 ()

Linker command line:

-W-3 --edf=C:\Program Files (x86)\Microchip\xc8\v1.38\dat\en_msgs.txt -cs \
  -h+dist/default/production\VFD_RT01.X.production.sym \
  --cmf=dist/default/production\VFD_RT01.X.production.cmf -z -Q18F2431 \
  -oC:\Users\NIJANT~1.V\AppData\Local\Temp\s3ic.2 \
  -Mdist/default/production/VFD_RT01.X.production.map -E1 -ver=XC8 \
  -ASTACK=0138h-02ffh -pstack=STACK -ACODE=00h-03FFFh -ACONST=00h-03FFFh \
  -ASMALLCONST=0300h-03FFhx61 -AMEDIUMCONST=0300h-03FFFh -ACOMRAM=01h-05Fh \
  -AABS1=00h-02FFh -ABIGRAM=01h-02FFh -ARAM=060h-0FFh,0100h-01FFhx2 \
  -ABANK0=060h-0FFh -ABANK1=0100h-01FFh -ABANK2=0200h-02FFh \
  -ASFR=0F60h-0FFFh \
  -preset_vec=00h,intcode=08h,intcodelo,powerup,init,end_init \
  -pramtop=0300h -psmallconst=SMALLCONST -pmediumconst=MEDIUMCONST \
  -pconst=CONST -AFARRAM=00h-00h -ACONFIG=0300000h-030000Dh -pconfig=CONFIG \
  -AIDLOC=0200000h-0200007h -pidloc=IDLOC -AEEDATA=0F00000h-0F000FFh \
  -peeprom_data=EEDATA \
  -prdata=COMRAM,nvrram=COMRAM,nvbit=COMRAM,rbss=COMRAM,rbit=COMRAM \
  -pfarbss=FARRAM,fardata=FARRAM,nvFARRAM=FARRAM \
  -pintsave_regs=BIGRAM,bigbss=BIGRAM,bigdata=BIGRAM -pbss=RAM \
  -pidata=CODE,irdata=CODE,ibigdata=CODE,ifardata=CODE -prparam=COMRAM \
  C:\Users\NIJANT~1.V\AppData\Local\Temp\s3ic.obj \
  dist/default/production\VFD_RT01.X.production.obj 

Object code version is 3.11

Machine type is 18F2431

Call graph: (short form)




                Name                               Link     Load   Length Selector   Space Scale
C:\Users\NIJANT~1.V\AppData\Local\Temp\s3ic.obj
                end_init                            3C8      3C8        4        4       0
                reset_vec                             0        0        4        0       0
                idloc                            200000   200000        8   200000       0
                config                           300000   300000        E   300000       0
dist/default/production\VFD_RT01.X.production.obj
                intcode                               8        8      3C0        4       0
                temp                                 5F       5F        1        1       1
                smallconst                          400      400       CE      200       0
                text31                             18B0     18B0       AE      267       0
                text30                             1C96     1C96       24      267       0
                text29                              C5A      C5A      1AC      267       0
                text28                             1702     1702       E6      267       0
                text27                             151C     151C       F4      267       0
                text26                             1428     1428       F4      267       0
                text25                             195E     195E       92      267       0
                text24                             1CDC     1CDC       1C      267       0
                text23                             1A80     1A80       8A      267       0
                text22                             1C72     1C72       24      267       0
                text21                             19F0     19F0       90      267       0
                text20                             11F4     11F4      128      267       0
                text19                             1B7E     1B7E       3E      267       0
                text18                             1CBA     1CBA       22      267       0
                text17                             1610     1610       F2      267       0
                text15                             1BEC     1BEC       30      267       0
                text14                             1D2C     1D2C       1A      267       0
                text13                             1C1C     1C1C       2C      267       0
                text12                             1D46     1D46       18      267       0
                text11                             1BBC     1BBC       30      267       0
                text10                             1D12     1D12       1A      267       0
                text9                              131C     131C      10C      267       0
                text8                               9F2      9F2      268      267       0
                text7                               F64      F64      14C      267       0
                text6                              17E8     17E8       C8      267       0
                text5                               E06      E06      15E      267       0
                text4                              10B0     10B0      144      267       0
                text3                              1C48     1C48       2A      267       0
                text2                              1CF8     1CF8       1A      267       0
                text1                              1D5E     1D5E        E      267       0
                text0                               4CE      4CE      524      267       0
                cstackCOMRAM                          1        1       42        1       1
                cstackBANK0                          BA       BA       3F       60       1
                dataBANK1                           130      130        8      100       1
                bssBANK1                            100      100       30      100       1
                bssBANK0                             60       60       5A       60       1
                dataCOMRAM                           5C       5C        3        1       1
                bssCOMRAM                            43       43       19        1       1
                cinit                              1B0A     1B0A       74      267       0
                nvBANK0                              F9       F9        6       60       1
                idataBANK1                         1D6C     1D6C        8      267       0
                idataCOMRAM                        1D74     1D74        3      267       0

TOTAL           Name                               Link     Load   Length     Space
        CLASS   STACK          

        CLASS   CODE           
                end_init                            3C8      3C8        4         0
                intcode                               8        8      3C0         0
                reset_vec                             0        0        4         0
                text31                             18B0     18B0       AE         0
                text30                             1C96     1C96       24         0
                text29                              C5A      C5A      1AC         0
                text28                             1702     1702       E6         0
                text27                             151C     151C       F4         0
                text26                             1428     1428       F4         0
                text25                             195E     195E       92         0
                text24                             1CDC     1CDC       1C         0
                text23                             1A80     1A80       8A         0
                text22                             1C72     1C72       24         0
                text21                             19F0     19F0       90         0
                text20                             11F4     11F4      128         0
                text19                             1B7E     1B7E       3E         0
                text18                             1CBA     1CBA       22         0
                text17                             1610     1610       F2         0
                text15                             1BEC     1BEC       30         0
                text14                             1D2C     1D2C       1A         0
                text13                             1C1C     1C1C       2C         0
                text12                             1D46     1D46       18         0
                text11                             1BBC     1BBC       30         0
                text10                             1D12     1D12       1A         0
                text9                              131C     131C      10C         0
                text8                               9F2      9F2      268         0
                text7                               F64      F64      14C         0
                text6                              17E8     17E8       C8         0
                text5                               E06      E06      15E         0
                text4                              10B0     10B0      144         0
                text3                              1C48     1C48       2A         0
                text2                              1CF8     1CF8       1A         0
                text1                              1D5E     1D5E        E         0
                text0                               4CE      4CE      524         0
                cinit                              1B0A     1B0A       74         0
                idataBANK1                         1D6C     1D6C        8         0
                idataCOMRAM                        1D74     1D74        3         0

        CLASS   CONST          

        CLASS   SMALLCONST     
                smallconst                          400      400       CE         0

        CLASS   MEDIUMCONST    

        CLASS   COMRAM         
                temp                                 5F       5F        1         1
                cstackCOMRAM                          1        1       42         1
                dataCOMRAM                           5C       5C        3         1
                bssCOMRAM                            43       43       19         1

        CLASS   ABS1           

        CLASS   BIGRAM         

        CLASS   RAM            

        CLASS   BANK0          
                cstackBANK0                          BA       BA       3F         1
                bssBANK0                             60       60       5A         1
                nvBANK0                              F9       F9        6         1

        CLASS   BANK1          
                dataBANK1                           130      130        8         1
                bssBANK1                            100      100       30         1

        CLASS   BANK2          

        CLASS   SFR            

        CLASS   FARRAM         

        CLASS   CONFIG         
                config                           300000   300000        E         0

        CLASS   IDLOC          
                idloc                            200000   200000        8         0

        CLASS   EEDATA         



SEGMENTS        Name                           Load    Length   Top    Selector   Space  Class

                reset_vec                      000000  000004  000004         0       0  CODE    
                cstackCOMRAM                   000001  00005F  000060         1       1  COMRAM  
                intcode                        000008  0003C4  0003CC         4       0  CODE    
                bssBANK0                       000060  00009F  0000FF        60       1  BANK0   
                bssBANK1                       000100  000038  000138       100       1  BANK1   
                smallconst                     000400  0000CE  0004CE       200       0  SMALLCON
                text0                          0004CE  0018A9  001D77       267       0  CODE    
                idloc                          200000  000008  200008    200000       0  IDLOC   
                config                         300000  00000E  30000E    300000       0  CONFIG  


UNUSED ADDRESS RANGES

        Name                Unused          Largest block    Delta
        BANK0            0000FF-0000FF                1
        BANK1            000138-0001FF               C8
        BANK2            000200-0002FF              100
        BIGRAM           0000FF-0000FF                1
                         000138-0002FF              1C8
        CODE             000004-000007                4
                         0003CC-0003FF               34
                         001D77-003FFF             2289
        CONST            000004-000007                4
                         0003CC-0003FF               34
                         001D77-003FFF             2289
        EEDATA           F00000-F000FF              100
        MEDIUMCONST      0003CC-0003FF               34
                         001D77-003FFF             2289
        RAM              0000FF-0000FF                1
                         000138-0002FF               C8
        SFR              000F60-000FFF               A0
        SMALLCONST       0003CC-0003FF               34
                         001D77-003FFF              100
        STACK            000138-0002FF              1C8

                                  Symbol Table

?_DC_Bus_Volt_ADC                 cstackBANK0  0000BA
?_VFD_CURRENT_ADC                 cstackBANK0  0000BA
?___ftadd                         cstackBANK0  0000C2
?___ftdiv                         cstackBANK0  0000CE
?___ftmul                         cstackBANK0  0000CE
?___ftpack                        cstackBANK0  0000BA
?___fttol                         cstackBANK0  0000DD
?___lbtoft                        cstackCOMRAM 000009
?___lwtoft                        cstackBANK0  0000C2
?i2___ftadd                       cstackCOMRAM 000018
?i2___ftdiv                       cstackCOMRAM 000009
?i2___ftmul                       cstackCOMRAM 00000D
?i2___ftpack                      cstackCOMRAM 000001
?i2___fttol                       cstackCOMRAM 000024
_A                                nvBANK0      0000F9
_ACMOD0                           (abs)        007E12
_ACMOD1                           (abs)        007E13
_ACONV                            (abs)        007E15
_ACSCH                            (abs)        007E14
_ADCON1                           (abs)        000FC1
_ADCON2                           (abs)        000FC0
_ADCON3                           (abs)        000F9A
_ADC_Flag                         bssBANK0     0000B6
_ADON                             (abs)        007E10
_ADRESH                           (abs)        000FC4
_ADRESL                           (abs)        000FC3
_ANS0                             (abs)        007DC0
_ANS1                             (abs)        007DC1
_ANS2                             (abs)        007DC2
_ANS3                             (abs)        007DC3
_ANS4                             (abs)        007DC4
_Auto_Manual                      bssCOMRAM    000047
_Auto_PWM_Cal                     text25       00195E
_Auto_VFD_ON                      bssCOMRAM    00004B
_B                                bssBANK0     000072
_BAUDCONbits                      (abs)        000FAA
_B_1                              nvBANK0      0000FC
_Cal                              text23       001A80
_Current                          bssBANK1     000124
_Current_1                        bssBANK1     000127
_DC_Bus_Volt_ADC                  text15       001BEC
_DC_Bus_Voltage_Extrem_Low        bssCOMRAM    00004C
_DC_Bus_Voltage_High              bssCOMRAM    00004D
_DC_Bus_Voltage_Low               bssCOMRAM    00004E
_DC_Volt_High                     bssBANK0     000090
_DC_Volt_Low                      bssBANK0     000092
_DC_Voltage_Data                  bssBANK0     000094
_DTCON                            (abs)        000F6D
_Data                             bssBANK1     000112
_Data_1                           bssBANK0     000096
_Data_Send_Flag                   bssBANK0     000098
_Data_Send_Flag_1                 bssBANK0     00009A
_Dc_Bus_Current                   bssCOMRAM    00004F
_Dc_Bus_Extrem_Low_Counter        bssCOMRAM    000050
_Dc_Bus_High_Counter              bssCOMRAM    000051
_Dc_Bus_Low_Counter               bssCOMRAM    000052
_Desired_Frequency                bssBANK0     0000B7
_Error_no                         bssBANK0     0000B8
_Five_Second_counter              bssCOMRAM    000053
_Flag                             bssBANK0     0000B9
_Frequency                        dataCOMRAM   00005C
_GASEL0                           (abs)        007CC8
_GASEL1                           (abs)        007CC9
_GBSEL0                           (abs)        007CCC
_GBSEL1                           (abs)        007CCD
_GIE                              (abs)        007F97
_GODONE                           (abs)        007E11
_GO_DONE                          (abs)        007E11
_IO_Initiation                    text14       001D2C
_ISR                              intcode      000008
_LOGIC_ERROR_FLAG                 bssCOMRAM    000054
_Logic_Error_Io                   text24       001CDC
_ON_OFF                           bssCOMRAM    000049
_OSCCON                           (abs)        000FD3
_OVDCOND                          (abs)        000F6B
_OVDCONS                          (abs)        000F6A
_PDC0H                            (abs)        000F78
_PDC0L                            (abs)        000F79
_PDC0_1                           bssBANK0     00009C
_PDC1H                            (abs)        000F76
_PDC1L                            (abs)        000F77
_PDC1_1                           bssBANK0     00009E
_PDC2H                            (abs)        000F74
_PDC2L                            (abs)        000F75
_PDC2_1                           bssBANK0     0000A0
_PEIE                             (abs)        007F96
_PIE1bits                         (abs)        000F9D
_PIR1bits                         (abs)        000F9E
_POWER_PWM                        text22       001C72
_PSA                              (abs)        007EAB
_PTCON0                           (abs)        000F7F
_PTEN                             (abs)        007BF7
_PTIE                             (abs)        007D1C
_PTIF                             (abs)        007D24
_PTPERH                           (abs)        000F7A
_PTPERL                           (abs)        000F7B
_PWMCON0                          (abs)        000F6F
_PWMCON1                          (abs)        000F6E
_PWMEN0                           (abs)        007B7C
_PWMEN1                           (abs)        007B7D
_PWMEN2                           (abs)        007B7E
_PWM_Init                         bssCOMRAM    000055
_Push_Button                      text20       0011F4
_RA2                              (abs)        007C02
_RA3                              (abs)        007C03
_RA4                              (abs)        007C04
_RA6                              (abs)        007C06
_RA7                              (abs)        007C07
_RB0                              (abs)        007C08
_RB1                              (abs)        007C09
_RB2                              (abs)        007C0A
_RB3                              (abs)        007C0B
_RB4                              (abs)        007C0C
_RB5                              (abs)        007C0D
_RC0                              (abs)        007C10
_RC1                              (abs)        007C11
_RC2                              (abs)        007C12
_RC3                              (abs)        007C13
_RC4                              (abs)        007C14
_RC5                              (abs)        007C15
_RCREG1                           (abs)        000FAE
_RCSTA1bits                       (abs)        000FAB
_RCSTAbits                        (abs)        000FAB
_RS485_Data                       text13       001C1C
_R_C                              bssBANK0     000075
_R_C_Arr                          bssBANK1     000100
_R_C_Max                          bssBANK0     000078
_R_Current                        bssBANK0     00007B
_R_Current_1                      bssBANK0     00007E
_R_Current_Data                   bssBANK0     0000A2
_R_V                              bssBANK0     000081
_R_V_Arr                          bssBANK0     000060
_R_V_Max                          bssBANK0     000084
_R_Volt_1                         bssBANK0     000087
_R_Voltage                        bssBANK0     00008A
_SEVTCMPL                         (abs)        000F71
_SINE_TABLE                       smallconst   000401
_SPBRG1                           (abs)        000FAF
_T016BIT                          (abs)        007EAE
_T0CS                             (abs)        007EAD
_T0PS0                            (abs)        007EA8
_T0PS1                            (abs)        007EA9
_T0PS2                            (abs)        007EAA
_T0SE                             (abs)        007EAC
_TIMER0_INITIATE                  text12       001D46
_TMR0IE                           (abs)        007F95
_TMR0IF                           (abs)        007F92
_TMR0ON                           (abs)        007EAF
_TRISA2                           (abs)        007C92
_TRISA3                           (abs)        007C93
_TRISA4                           (abs)        007C94
_TRISA6                           (abs)        007C96
_TRISA7                           (abs)        007C97
_TRISB                            (abs)        000F93
_TRISB0                           (abs)        007C98
_TRISB1                           (abs)        007C99
_TRISB2                           (abs)        007C9A
_TRISB3                           (abs)        007C9B
_TRISB4                           (abs)        007C9C
_TRISB5                           (abs)        007C9D
_TRISC0                           (abs)        007CA0
_TRISC1                           (abs)        007CA1
_TRISC2                           (abs)        007CA2
_TRISC3                           (abs)        007CA3
_TRISC4                           (abs)        007CA4
_TRISC5                           (abs)        007CA5
_TRISCbits                        (abs)        000F94
_TXIF                             (abs)        007CF4
_TXREG                            (abs)        000FAD
_TXSTAbits                        (abs)        000FAC
_Temp_Counter                     bssBANK0     0000A4
_Timer0_Overflow_counter          bssBANK0     0000A6
_VFD_CURRENT_ADC                  text11       001BBC
_VFD_Current                      text19       001B7E
_VFD_Current_INITIATE             text10       001D12
_VFD_SHORT_CIRCUIT                bssCOMRAM    000056
_VFD_SHORT_CIRCUIT_ERROR          text18       001CBA
_VFD_SHORT_CIRCUIT_ERROR_flag     bssCOMRAM    000057
_Vab                              bssCOMRAM    000043
_Vab_1                            bssBANK1     000120
_Voltage                          bssBANK1     00012A
_Voltage_1                        bssBANK1     00012D
_Voltage_Error_Trigger            text17       001610
__CFG_BOREN$OFF                   (abs)        000000
__CFG_LVP$OFF                     (abs)        000000
__CFG_MCLRE$ON                    (abs)        000000
__CFG_OSC$IRCIO                   (abs)        000000
__CFG_PWRTEN$OFF                  (abs)        000000
__CFG_WDTEN$OFF                   (abs)        000000
__HRAM                            (abs)        000000
__Habs1                           abs1         000000
__Hbank0                          bank0        000000
__Hbank1                          bank1        000000
__Hbank2                          bank2        000000
__Hbigbss                         bigbss       000000
__Hbigdata                        bigdata      000000
__Hbigram                         bigram       000000
__Hbss                            bss          000000
__HbssBANK0                       bssBANK0     000000
__HbssBANK1                       bssBANK1     000000
__HbssCOMRAM                      bssCOMRAM    000000
__Hcinit                          cinit        000000
__Hclrtext                        clrtext      000000
__Hcomram                         comram       000000
__Hconfig                         config       30000E
__Hconst                          const        000000
__HcstackBANK0                    cstackBANK0  000000
__HcstackCOMRAM                   cstackCOMRAM 000000
__Hdata                           data         000000
__HdataBANK1                      dataBANK1    000000
__HdataCOMRAM                     dataCOMRAM   000000
__Heeprom_data                    eeprom_data  000000
__Hend_init                       end_init     0003CC
__Hfarbss                         farbss       000000
__Hfardata                        fardata      000000
__Hibigdata                       ibigdata     000000
__Hidata                          idata        000000
__HidataBANK1                     idataBANK1   000000
__HidataCOMRAM                    idataCOMRAM  000000
__Hidloc                          idloc        200008
__Hifardata                       ifardata     000000
__Hinit                           init         0003C8
__Hintcode                        intcode      0003C8
__Hintcode_body                   intcode_body 000000
__Hintcodelo                      intcodelo    0003C8
__Hintentry                       intentry     000000
__Hintret                         intret       000000
__Hintsave_regs                   intsave_regs 000000
__Hirdata                         irdata       000000
__Hmediumconst                    mediumconst  000000
__HnvBANK0                        nvBANK0      000000
__HnvFARRAM                       nvFARRAM     000000
__Hnvbit                          nvbit        000000
__Hnvrram                         nvrram       000000
__Hparam                          rparam       000000
__Hpowerup                        powerup      0003C8
__Hram                            ram          000000
__Hramtop                         ramtop       000300
__Hrbit                           rbit         000000
__Hrbss                           rbss         000000
__Hrdata                          rdata        000000
__Hreset_vec                      reset_vec    000004
__Hrparam                         rparam       000000
__Hsfr                            sfr          000000
__Hsmallconst                     smallconst   0004CE
__Hspace_0                        (abs)        30000E
__Hspace_1                        (abs)        000138
__Hspace_2                        (abs)        000000
__Hstack                          stack        000000
__Hstruct                         struct       000000
__Htemp                           temp         000060
__Htext                           text         000000
__Htext0                          text0        000000
__Htext1                          text1        000000
__Htext10                         text10       000000
__Htext11                         text11       000000
__Htext12                         text12       000000
__Htext13                         text13       000000
__Htext14                         text14       000000
__Htext15                         text15       000000
__Htext17                         text17       000000
__Htext18                         text18       000000
__Htext19                         text19       000000
__Htext2                          text2        000000
__Htext20                         text20       000000
__Htext21                         text21       000000
__Htext22                         text22       000000
__Htext23                         text23       000000
__Htext24                         text24       000000
__Htext25                         text25       000000
__Htext26                         text26       000000
__Htext27                         text27       000000
__Htext28                         text28       000000
__Htext29                         text29       000000
__Htext3                          text3        000000
__Htext30                         text30       000000
__Htext31                         text31       000000
__Htext4                          text4        000000
__Htext5                          text5        000000
__Htext6                          text6        000000
__Htext7                          text7        000000
__Htext8                          text8        000000
__Htext9                          text9        000000
__LRAM                            (abs)        000001
__Labs1                           abs1         000000
__Lbank0                          bank0        000000
__Lbank1                          bank1        000000
__Lbank2                          bank2        000000
__Lbigbss                         bigbss       000000
__Lbigdata                        bigdata      000000
__Lbigram                         bigram       000000
__Lbss                            bss          000000
__LbssBANK0                       bssBANK0     000000
__LbssBANK1                       bssBANK1     000000
__LbssCOMRAM                      bssCOMRAM    000000
__Lcinit                          cinit        000000
__Lclrtext                        clrtext      000000
__Lcomram                         comram       000000
__Lconfig                         config       300000
__Lconst                          const        000000
__LcstackBANK0                    cstackBANK0  000000
__LcstackCOMRAM                   cstackCOMRAM 000000
__Ldata                           data         000000
__LdataBANK1                      dataBANK1    000000
__LdataCOMRAM                     dataCOMRAM   000000
__Leeprom_data                    eeprom_data  000000
__Lend_init                       end_init     0003C8
__Lfarbss                         farbss       000000
__Lfardata                        fardata      000000
__Libigdata                       ibigdata     000000
__Lidata                          idata        000000
__LidataBANK1                     idataBANK1   000000
__LidataCOMRAM                    idataCOMRAM  000000
__Lidloc                          idloc        200000
__Lifardata                       ifardata     000000
__Linit                           init         0003C8
__Lintcode                        intcode      000008
__Lintcode_body                   intcode_body 000000
__Lintcodelo                      intcodelo    0003C8
__Lintentry                       intentry     000000
__Lintret                         intret       000000
__Lintsave_regs                   intsave_regs 000000
__Lirdata                         irdata       000000
__Lmediumconst                    mediumconst  000000
__LnvBANK0                        nvBANK0      000000
__LnvFARRAM                       nvFARRAM     000000
__Lnvbit                          nvbit        000000
__Lnvrram                         nvrram       000000
__Lparam                          rparam       000000
__Lpowerup                        powerup      0003C8
__Lram                            ram          000000
__Lramtop                         ramtop       000300
__Lrbit                           rbit         000000
__Lrbss                           rbss         000000
__Lrdata                          rdata        000000
__Lreset_vec                      reset_vec    000000
__Lrparam                         rparam       000000
__Lsfr                            sfr          000000
__Lsmallconst                     smallconst   000400
__Lspace_0                        (abs)        000000
__Lspace_1                        (abs)        000000
__Lspace_2                        (abs)        000000
__Lstack                          stack        000000
__Lstruct                         struct       000000
__Ltemp                           temp         00005F
__Ltext                           text         000000
__Ltext0                          text0        000000
__Ltext1                          text1        000000
__Ltext10                         text10       000000
__Ltext11                         text11       000000
__Ltext12                         text12       000000
__Ltext13                         text13       000000
__Ltext14                         text14       000000
__Ltext15                         text15       000000
__Ltext17                         text17       000000
__Ltext18                         text18       000000
__Ltext19                         text19       000000
__Ltext2                          text2        000000
__Ltext20                         text20       000000
__Ltext21                         text21       000000
__Ltext22                         text22       000000
__Ltext23                         text23       000000
__Ltext24                         text24       000000
__Ltext25                         text25       000000
__Ltext26                         text26       000000
__Ltext27                         text27       000000
__Ltext28                         text28       000000
__Ltext29                         text29       000000
__Ltext3                          text3        000000
__Ltext30                         text30       000000
__Ltext31                         text31       000000
__Ltext4                          text4        000000
__Ltext5                          text5        000000
__Ltext6                          text6        000000
__Ltext7                          text7        000000
__Ltext8                          text8        000000
__Ltext9                          text9        000000
__S0                              (abs)        30000E
__S1                              (abs)        000138
__S2                              (abs)        000000
___ftadd                          text8        0009F2
___ftadd@exp1                     cstackBANK0  0000CD
___ftadd@exp2                     cstackBANK0  0000CC
___ftadd@f1                       cstackBANK0  0000C2
___ftadd@f2                       cstackBANK0  0000C5
___ftadd@sign                     cstackBANK0  0000CB
___ftdiv                          text7        000F64
___ftdiv@cntr                     cstackBANK0  0000D7
___ftdiv@exp                      cstackBANK0  0000DB
___ftdiv@f1                       cstackBANK0  0000CE
___ftdiv@f2                       cstackBANK0  0000D1
___ftdiv@f3                       cstackBANK0  0000D8
___ftdiv@sign                     cstackBANK0  0000DC
___ftge                           text6        0017E8
___ftge@ff1                       cstackBANK0  0000BA
___ftge@ff2                       cstackBANK0  0000BD
___ftmul                          text5        000E06
___ftmul@cntr                     cstackBANK0  0000DB
___ftmul@exp                      cstackBANK0  0000D7
___ftmul@f1                       cstackBANK0  0000CE
___ftmul@f2                       cstackBANK0  0000D1
___ftmul@f3_as_product            cstackBANK0  0000D8
___ftmul@sign                     cstackBANK0  0000DC
___ftpack                         text9        00131C
___ftpack@arg                     cstackBANK0  0000BA
___ftpack@exp                     cstackBANK0  0000BD
___ftpack@sign                    cstackBANK0  0000BE
___fttol                          text4        0010B0
___fttol@exp1                     cstackBANK0  0000EB
___fttol@f1                       cstackBANK0  0000DD
___fttol@lval                     cstackBANK0  0000E7
___fttol@sign1                    cstackBANK0  0000E6
___inthi_sp                       stack        000000
___intlo_sp                       stack        000000
___lbtoft                         text30       001C96
___lbtoft@c                       cstackCOMRAM 00000C
___lwtoft                         text3        001C48
___lwtoft@c                       cstackBANK0  0000C2
___param_bank                     (abs)        000010
___rparam_used                    (abs)        000001
___sp                             stack        000000
__accesstop                       (abs)        000060
__activetblptr                    (abs)        000001
__end_of_Auto_PWM_Cal             text25       0019F0
__end_of_Cal                      text23       001B0A
__end_of_DC_Bus_Volt_ADC          text15       001C1C
__end_of_IO_Initiation            text14       001D46
__end_of_ISR                      intcode      0003C8
__end_of_Logic_Error_Io           text24       001CF8
__end_of_POWER_PWM                text22       001C96
__end_of_Push_Button              text20       00131C
__end_of_RS485_Data               text13       001C48
__end_of_SINE_TABLE               smallconst   0004C9
__end_of_TIMER0_INITIATE          text12       001D5E
__end_of_VFD_CURRENT_ADC          text11       001BEC
__end_of_VFD_Current              text19       001BBC
__end_of_VFD_Current_INITIATE     text10       001D2C
__end_of_VFD_SHORT_CIRCUIT_ERROR  text18       001CDC
__end_of_Voltage_Error_Trigger    text17       001702
__end_of___ftadd                  text8        000C5A
__end_of___ftdiv                  text7        0010B0
__end_of___ftge                   text6        0018B0
__end_of___ftmul                  text5        000F64
__end_of___ftpack                 text9        001428
__end_of___fttol                  text4        0011F4
__end_of___lbtoft                 text30       001CBA
__end_of___lwtoft                 text3        001C72
__end_of__initialization          cinit        001B6C
__end_of_main                     text0        0009F2
__end_of_usart_init               text2        001D12
__end_of_usart_str_1              text1        001D6C
__end_ofi2___ftadd                text29       000E06
__end_ofi2___ftdiv                text28       0017E8
__end_ofi2___ftge                 text21       001A80
__end_ofi2___ftmul                text27       001610
__end_ofi2___ftpack               text31       00195E
__end_ofi2___fttol                text26       00151C
__initialization                  cinit        001B0A
__mediumconst                     mediumconst  000000
__pbssBANK0                       bssBANK0     000060
__pbssBANK1                       bssBANK1     000100
__pbssCOMRAM                      bssCOMRAM    000043
__pcinit                          cinit        001B0A
__pcstackBANK0                    cstackBANK0  0000BA
__pcstackCOMRAM                   cstackCOMRAM 000001
__pdataBANK1                      dataBANK1    000130
__pdataCOMRAM                     dataCOMRAM   00005C
__pidataBANK1                     idataBANK1   001D6C
__pidataCOMRAM                    idataCOMRAM  001D74
__pintcode                        intcode      000008
__pnvBANK0                        nvBANK0      0000F9
__psmallconst                     smallconst   000400
__ptext0                          text0        0004CE
__ptext1                          text1        001D5E
__ptext10                         text10       001D12
__ptext11                         text11       001BBC
__ptext12                         text12       001D46
__ptext13                         text13       001C1C
__ptext14                         text14       001D2C
__ptext15                         text15       001BEC
__ptext17                         text17       001610
__ptext18                         text18       001CBA
__ptext19                         text19       001B7E
__ptext2                          text2        001CF8
__ptext20                         text20       0011F4
__ptext21                         text21       0019F0
__ptext22                         text22       001C72
__ptext23                         text23       001A80
__ptext24                         text24       001CDC
__ptext25                         text25       00195E
__ptext26                         text26       001428
__ptext27                         text27       00151C
__ptext28                         text28       001702
__ptext29                         text29       000C5A
__ptext3                          text3        001C48
__ptext30                         text30       001C96
__ptext31                         text31       0018B0
__ptext4                          text4        0010B0
__ptext5                          text5        000E06
__ptext6                          text6        0017E8
__ptext7                          text7        000F64
__ptext8                          text8        0009F2
__ptext9                          text9        00131C
__ramtop                          ramtop       000300
__size_of_Auto_PWM_Cal            (abs)        000000
__size_of_Cal                     (abs)        000000
__size_of_DC_Bus_Volt_ADC         (abs)        000000
__size_of_IO_Initiation           (abs)        000000
__size_of_ISR                     (abs)        000000
__size_of_Logic_Error_Io          (abs)        000000
__size_of_POWER_PWM               (abs)        000000
__size_of_Push_Button             (abs)        000000
__size_of_RS485_Data              (abs)        000000
__size_of_TIMER0_INITIATE         (abs)        000000
__size_of_VFD_CURRENT_ADC         (abs)        000000
__size_of_VFD_Current             (abs)        000000
__size_of_VFD_Current_INITIATE    (abs)        000000
__size_of_VFD_SHORT_CIRCUIT_ERROR (abs)        000000
__size_of_Voltage_Error_Trigger   (abs)        000000
__size_of___ftadd                 (abs)        000000
__size_of___ftdiv                 (abs)        000000
__size_of___ftge                  (abs)        000000
__size_of___ftmul                 (abs)        000000
__size_of___ftpack                (abs)        000000
__size_of___fttol                 (abs)        000000
__size_of___lbtoft                (abs)        000000
__size_of___lwtoft                (abs)        000000
__size_of_main                    (abs)        000000
__size_of_usart_init              (abs)        000000
__size_of_usart_str_1             (abs)        000000
__size_ofi2___ftadd               (abs)        000000
__size_ofi2___ftdiv               (abs)        000000
__size_ofi2___ftge                (abs)        000000
__size_ofi2___ftmul               (abs)        000000
__size_ofi2___ftpack              (abs)        000000
__size_ofi2___fttol               (abs)        000000
__smallconst                      smallconst   000400
_b                                bssBANK0     0000A8
_counter                          bssCOMRAM    000058
_digit1                           bssBANK0     0000AA
_digit2                           bssBANK0     0000AC
_digit3                           bssBANK0     0000AE
_digit4                           bssBANK0     0000B0
_digit5                           bssBANK0     0000B2
_gDutycount                       bssCOMRAM    000059
_gDutycount1                      bssCOMRAM    00005A
_gDutycount2                      bssCOMRAM    00005B
_i                                bssBANK0     00008D
_main                             text0        0004CE
_main$1648                        cstackBANK0  0000F6
_main$1649                        cstackBANK0  0000ED
_main$1650                        cstackBANK0  0000F0
_main$1651                        cstackBANK0  0000F3
_temp                             bssBANK0     0000B4
_usart_init                       text2        001CF8
_usart_str_1                      text1        001D5E
btemp                             temp         00005F
end_of_initialization             cinit        001B6C
i2___ftadd                        text29       000C5A
i2___ftadd@exp1                   cstackCOMRAM 000023
i2___ftadd@exp2                   cstackCOMRAM 000022
i2___ftadd@f1                     cstackCOMRAM 000018
i2___ftadd@f2                     cstackCOMRAM 00001B
i2___ftadd@sign                   cstackCOMRAM 000021
i2___ftdiv                        text28       001702
i2___ftdiv@cntr                   cstackCOMRAM 000012
i2___ftdiv@exp                    cstackCOMRAM 000016
i2___ftdiv@f1                     cstackCOMRAM 000009
i2___ftdiv@f2                     cstackCOMRAM 00000C
i2___ftdiv@f3                     cstackCOMRAM 000013
i2___ftdiv@sign                   cstackCOMRAM 000017
i2___ftge                         text21       0019F0
i2___ftge@ff1                     cstackCOMRAM 000001
i2___ftge@ff2                     cstackCOMRAM 000004
i2___ftmul                        text27       00151C
i2___ftmul@cntr                   cstackCOMRAM 00001A
i2___ftmul@exp                    cstackCOMRAM 000016
i2___ftmul@f1                     cstackCOMRAM 00000D
i2___ftmul@f2                     cstackCOMRAM 000010
i2___ftmul@f3_as_product          cstackCOMRAM 000017
i2___ftmul@sign                   cstackCOMRAM 00001B
i2___ftpack                       text31       0018B0
i2___ftpack@arg                   cstackCOMRAM 000001
i2___ftpack@exp                   cstackCOMRAM 000004
i2___ftpack@sign                  cstackCOMRAM 000005
i2___fttol                        text26       001428
i2___fttol@exp1                   cstackCOMRAM 000032
i2___fttol@f1                     cstackCOMRAM 000024
i2___fttol@lval                   cstackCOMRAM 00002E
i2___fttol@sign1                  cstackCOMRAM 00002D
int$flags                         temp         00005F
intlevel0                         text         000000
intlevel1                         text         000000
intlevel2                         text         000000
intlevel3                         text         000000
stackhi                           (abs)        0002FF
stacklo                           (abs)        000138
start                             init         0003C8
start_initialization              cinit        001B0A
usart_str_1@str                   cstackBANK0  0000BA
vDisplayAscii@F3294               dataBANK1    000130


FUNCTION INFORMATION:

 *************** function _main *****************
 Defined at:
		line 25 in file "newmain_2431.c"
 Parameters:    Size  Location     Type
		None
 Auto vars:     Size  Location     Type
		None
 Return value:  Size  Location     Type
                  1    wreg      void 
 Registers used:
		wreg, status,2, status,0, cstack
 Tracked objects:
		On entry : 
		On exit  : 
		Unchanged: 
 Data sizes:     COMRAM   BANK0   BANK1   BANK2
      Params:         0       0       0       0
      Locals:         0      12       0       0
      Temps:          0       1       0       0
      Totals:         0      13       0       0
Total ram usage:       13 bytes
 Hardware stack levels required when called:    7
 This function calls:
		_DC_Bus_Volt_ADC
		_IO_Initiation
		_RS485_Data
		_TIMER0_INITIATE
		_VFD_CURRENT_ADC
		_VFD_Current_INITIATE
		___ftadd
		___ftdiv
		___ftge
		___ftmul
		___fttol
		___lwtoft
		_usart_init
		_usart_str_1
 This function is called by:
		Startup code after reset
 This function uses a non-reentrant model


 *************** function _usart_str_1 *****************
 Defined at:
		line 116 in file "UART.c"
 Parameters:    Size  Location     Type
  str             1    wreg     const unsigned char 
 Auto vars:     Size  Location     Type
  str             1    0[BANK0 ] const unsigned char 
 Return value:  Size  Location     Type
                  1    wreg      void 
 Registers used:
		wreg
 Tracked objects:
		On entry : 
		On exit  : 
		Unchanged: 
 Data sizes:     COMRAM   BANK0   BANK1   BANK2
      Params:         0       0       0       0
      Locals:         0       1       0       0
      Temps:          0       0       0       0
      Totals:         0       1       0       0
Total ram usage:        1 bytes
 Hardware stack levels used:    1
 Hardware stack levels required when called:    5
 This function calls:
		Nothing
 This function is called by:
		_main
		_UART_Data
		_vDisplayAscii
 This function uses a non-reentrant model


 *************** function _usart_init *****************
 Defined at:
		line 91 in file "UART.c"
 Parameters:    Size  Location     Type
		None
 Auto vars:     Size  Location     Type
		None
 Return value:  Size  Location     Type
                  1    wreg      void 
 Registers used:
		wreg, status,2
 Tracked objects:
		On entry : 
		On exit  : 
		Unchanged: 
 Data sizes:     COMRAM   BANK0   BANK1   BANK2
      Params:         0       0       0       0
      Locals:         0       0       0       0
      Temps:          0       0       0       0
      Totals:         0       0       0       0
Total ram usage:        0 bytes
 Hardware stack levels used:    1
 Hardware stack levels required when called:    5
 This function calls:
		Nothing
 This function is called by:
		_main
 This function uses a non-reentrant model


 *************** function ___lwtoft *****************
 Defined at:
		line 28 in file "C:\Program Files (x86)\Microchip\xc8\v1.38\sources\common\lwtoft.c"
 Parameters:    Size  Location     Type
  c               2    8[BANK0 ] unsigned int 
 Auto vars:     Size  Location     Type
		None
 Return value:  Size  Location     Type
                  3    8[BANK0 ] float 
 Registers used:
		wreg, status,2, status,0, cstack
 Tracked objects:
		On entry : 
		On exit  : 
		Unchanged: 
 Data sizes:     COMRAM   BANK0   BANK1   BANK2
      Params:         0       3       0       0
      Locals:         0       0       0       0
      Temps:          0       0       0       0
      Totals:         0       3       0       0
Total ram usage:        3 bytes
 Hardware stack levels used:    1
 Hardware stack levels required when called:    6
 This function calls:
		___ftpack
 This function is called by:
		_main
		_UART_Data
		_vDisplayAscii
 This function uses a non-reentrant model


 *************** function ___fttol *****************
 Defined at:
		line 44 in file "C:\Program Files (x86)\Microchip\xc8\v1.38\sources\common\fttol.c"
 Parameters:    Size  Location     Type
  f1              3   35[BANK0 ] float 
 Auto vars:     Size  Location     Type
  lval            4   45[BANK0 ] unsigned long 
  exp1            1   49[BANK0 ] unsigned char 
  sign1           1   44[BANK0 ] unsigned char 
 Return value:  Size  Location     Type
                  4   35[BANK0 ] long 
 Registers used:
		wreg, status,2, status,0
 Tracked objects:
		On entry : 
		On exit  : 
		Unchanged: 
 Data sizes:     COMRAM   BANK0   BANK1   BANK2
      Params:         0       4       0       0
      Locals:         0       6       0       0
      Temps:          0       5       0       0
      Totals:         0      15       0       0
Total ram usage:       15 bytes
 Hardware stack levels used:    1
 Hardware stack levels required when called:    5
 This function calls:
		Nothing
 This function is called by:
		_main
		_vDisplayAscii
 This function uses a non-reentrant model


 *************** function ___ftmul *****************
 Defined at:
		line 62 in file "C:\Program Files (x86)\Microchip\xc8\v1.38\sources\common\ftmul.c"
 Parameters:    Size  Location     Type
  f1              3   20[BANK0 ] float 
  f2              3   23[BANK0 ] float 
 Auto vars:     Size  Location     Type
  f3_as_produc    3   30[BANK0 ] unsigned um
  sign            1   34[BANK0 ] unsigned char 
  cntr            1   33[BANK0 ] unsigned char 
  exp             1   29[BANK0 ] unsigned char 
 Return value:  Size  Location     Type
                  3   20[BANK0 ] float 
 Registers used:
		wreg, status,2, status,0, cstack
 Tracked objects:
		On entry : 
		On exit  : 
		Unchanged: 
 Data sizes:     COMRAM   BANK0   BANK1   BANK2
      Params:         0       6       0       0
      Locals:         0       6       0       0
      Temps:          0       3       0       0
      Totals:         0      15       0       0
Total ram usage:       15 bytes
 Hardware stack levels used:    1
 Hardware stack levels required when called:    6
 This function calls:
		___ftpack
 This function is called by:
		_main
		_vDisplayAscii
 This function uses a non-reentrant model


 *************** function ___ftge *****************
 Defined at:
		line 4 in file "C:\Program Files (x86)\Microchip\xc8\v1.38\sources\common\ftge.c"
 Parameters:    Size  Location     Type
  ff1             3    0[BANK0 ] float 
  ff2             3    3[BANK0 ] float 
 Auto vars:     Size  Location     Type
		None
 Return value:  Size  Location     Type
		None               void
 Registers used:
		wreg, status,2, status,0
 Tracked objects:
		On entry : 
		On exit  : 
		Unchanged: 
 Data sizes:     COMRAM   BANK0   BANK1   BANK2
      Params:         0       6       0       0
      Locals:         0       0       0       0
      Temps:          0       3       0       0
      Totals:         0       9       0       0
Total ram usage:        9 bytes
 Hardware stack levels used:    1
 Hardware stack levels required when called:    5
 This function calls:
		Nothing
 This function is called by:
		_main
 This function uses a non-reentrant model


 *************** function ___ftdiv *****************
 Defined at:
		line 54 in file "C:\Program Files (x86)\Microchip\xc8\v1.38\sources\common\ftdiv.c"
 Parameters:    Size  Location     Type
  f1              3   20[BANK0 ] float 
  f2              3   23[BANK0 ] float 
 Auto vars:     Size  Location     Type
  f3              3   30[BANK0 ] float 
  sign            1   34[BANK0 ] unsigned char 
  exp             1   33[BANK0 ] unsigned char 
  cntr            1   29[BANK0 ] unsigned char 
 Return value:  Size  Location     Type
                  3   20[BANK0 ] float 
 Registers used:
		wreg, status,2, status,0, cstack
 Tracked objects:
		On entry : 
		On exit  : 
		Unchanged: 
 Data sizes:     COMRAM   BANK0   BANK1   BANK2
      Params:         0       6       0       0
      Locals:         0       6       0       0
      Temps:          0       3       0       0
      Totals:         0      15       0       0
Total ram usage:       15 bytes
 Hardware stack levels used:    1
 Hardware stack levels required when called:    6
 This function calls:
		___ftpack
 This function is called by:
		_main
		_vDisplayAscii
 This function uses a non-reentrant model


 *************** function ___ftadd *****************
 Defined at:
		line 86 in file "C:\Program Files (x86)\Microchip\xc8\v1.38\sources\common\ftadd.c"
 Parameters:    Size  Location     Type
  f1              3    8[BANK0 ] float 
  f2              3   11[BANK0 ] float 
 Auto vars:     Size  Location     Type
  exp1            1   19[BANK0 ] unsigned char 
  exp2            1   18[BANK0 ] unsigned char 
  sign            1   17[BANK0 ] unsigned char 
 Return value:  Size  Location     Type
                  3    8[BANK0 ] float 
 Registers used:
		wreg, status,2, status,0, cstack
 Tracked objects:
		On entry : 
		On exit  : 
		Unchanged: 
 Data sizes:     COMRAM   BANK0   BANK1   BANK2
      Params:         0       6       0       0
      Locals:         0       3       0       0
      Temps:          0       3       0       0
      Totals:         0      12       0       0
Total ram usage:       12 bytes
 Hardware stack levels used:    1
 Hardware stack levels required when called:    6
 This function calls:
		___ftpack
 This function is called by:
		_main
		_vDisplayAscii
 This function uses a non-reentrant model


 *************** function ___ftpack *****************
 Defined at:
		line 62 in file "C:\Program Files (x86)\Microchip\xc8\v1.38\sources\common\float.c"
 Parameters:    Size  Location     Type
  arg             3    0[BANK0 ] unsigned um
  exp             1    3[BANK0 ] unsigned char 
  sign            1    4[BANK0 ] unsigned char 
 Auto vars:     Size  Location     Type
		None
 Return value:  Size  Location     Type
                  3    0[BANK0 ] float 
 Registers used:
		wreg, status,2, status,0
 Tracked objects:
		On entry : 
		On exit  : 
		Unchanged: 
 Data sizes:     COMRAM   BANK0   BANK1   BANK2
      Params:         0       5       0       0
      Locals:         0       0       0       0
      Temps:          0       3       0       0
      Totals:         0       8       0       0
Total ram usage:        8 bytes
 Hardware stack levels used:    1
 Hardware stack levels required when called:    5
 This function calls:
		Nothing
 This function is called by:
		___ftadd
		___ftdiv
		___ftmul
		___lwtoft
		___awtoft
 This function uses a non-reentrant model


 *************** function _VFD_Current_INITIATE *****************
 Defined at:
		line 16 in file "ADC.c"
 Parameters:    Size  Location     Type
		None
 Auto vars:     Size  Location     Type
		None
 Return value:  Size  Location     Type
                  1    wreg      void 
 Registers used:
		wreg, status,2
 Tracked objects:
		On entry : 
		On exit  : 
		Unchanged: 
 Data sizes:     COMRAM   BANK0   BANK1   BANK2
      Params:         0       0       0       0
      Locals:         0       0       0       0
      Temps:          0       0       0       0
      Totals:         0       0       0       0
Total ram usage:        0 bytes
 Hardware stack levels used:    1
 Hardware stack levels required when called:    5
 This function calls:
		Nothing
 This function is called by:
		_main
 This function uses a non-reentrant model


 *************** function _VFD_CURRENT_ADC *****************
 Defined at:
		line 40 in file "ADC.c"
 Parameters:    Size  Location     Type
		None
 Auto vars:     Size  Location     Type
		None
 Return value:  Size  Location     Type
                  2    0[BANK0 ] unsigned int 
 Registers used:
		wreg, status,2, status,0
 Tracked objects:
		On entry : 
		On exit  : 
		Unchanged: 
 Data sizes:     COMRAM   BANK0   BANK1   BANK2
      Params:         0       2       0       0
      Locals:         0       0       0       0
      Temps:          0       2       0       0
      Totals:         0       4       0       0
Total ram usage:        4 bytes
 Hardware stack levels used:    1
 Hardware stack levels required when called:    5
 This function calls:
		Nothing
 This function is called by:
		_main
 This function uses a non-reentrant model


 *************** function _TIMER0_INITIATE *****************
 Defined at:
		line 16 in file "INITIATE.c"
 Parameters:    Size  Location     Type
		None
 Auto vars:     Size  Location     Type
		None
 Return value:  Size  Location     Type
                  1    wreg      void 
 Registers used:
		None
 Tracked objects:
		On entry : 
		On exit  : 
		Unchanged: 
 Data sizes:     COMRAM   BANK0   BANK1   BANK2
      Params:         0       0       0       0
      Locals:         0       0       0       0
      Temps:          0       0       0       0
      Totals:         0       0       0       0
Total ram usage:        0 bytes
 Hardware stack levels used:    1
 Hardware stack levels required when called:    5
 This function calls:
		Nothing
 This function is called by:
		_main
 This function uses a non-reentrant model


 *************** function _RS485_Data *****************
 Defined at:
		line 39 in file "PWM_MODULE.c"
 Parameters:    Size  Location     Type
		None
 Auto vars:     Size  Location     Type
		None
 Return value:  Size  Location     Type
                  1    wreg      void 
 Registers used:
		wreg, status,2, status,0
 Tracked objects:
		On entry : 
		On exit  : 
		Unchanged: 
 Data sizes:     COMRAM   BANK0   BANK1   BANK2
      Params:         0       0       0       0
      Locals:         0       0       0       0
      Temps:          0       0       0       0
      Totals:         0       0       0       0
Total ram usage:        0 bytes
 Hardware stack levels used:    1
 Hardware stack levels required when called:    5
 This function calls:
		Nothing
 This function is called by:
		_main
 This function uses a non-reentrant model


 *************** function _IO_Initiation *****************
 Defined at:
		line 31 in file "INITIATE.c"
 Parameters:    Size  Location     Type
		None
 Auto vars:     Size  Location     Type
		None
 Return value:  Size  Location     Type
                  1    wreg      void 
 Registers used:
		None
 Tracked objects:
		On entry : 
		On exit  : 
		Unchanged: 
 Data sizes:     COMRAM   BANK0   BANK1   BANK2
      Params:         0       0       0       0
      Locals:         0       0       0       0
      Temps:          0       0       0       0
      Totals:         0       0       0       0
Total ram usage:        0 bytes
 Hardware stack levels used:    1
 Hardware stack levels required when called:    5
 This function calls:
		Nothing
 This function is called by:
		_main
 This function uses a non-reentrant model


 *************** function _DC_Bus_Volt_ADC *****************
 Defined at:
		line 28 in file "ADC.c"
 Parameters:    Size  Location     Type
		None
 Auto vars:     Size  Location     Type
		None
 Return value:  Size  Location     Type
                  2    0[BANK0 ] unsigned int 
 Registers used:
		wreg, status,2, status,0
 Tracked objects:
		On entry : 
		On exit  : 
		Unchanged: 
 Data sizes:     COMRAM   BANK0   BANK1   BANK2
      Params:         0       2       0       0
      Locals:         0       0       0       0
      Temps:          0       2       0       0
      Totals:         0       4       0       0
Total ram usage:        4 bytes
 Hardware stack levels used:    1
 Hardware stack levels required when called:    5
 This function calls:
		Nothing
 This function is called by:
		_main
 This function uses a non-reentrant model


 *************** function _ISR *****************
 Defined at:
		line 17 in file "ISR.c"
 Parameters:    Size  Location     Type
		None
 Auto vars:     Size  Location     Type
		None
 Return value:  Size  Location     Type
                  1    wreg      void 
 Registers used:
		wreg, fsr2l, fsr2h, status,2, status,0, tblptrl, tblptrh, tblptru, prodl, prodh, cstack
 Tracked objects:
		On entry : 
		On exit  : 
		Unchanged: 
 Data sizes:     COMRAM   BANK0   BANK1   BANK2
      Params:         0       0       0       0
      Locals:         0       0       0       0
      Temps:         16       0       0       0
      Totals:        16       0       0       0
Total ram usage:       16 bytes
 Hardware stack levels used:    1
 Hardware stack levels required when called:    4
 This function calls:
		_Auto_PWM_Cal
		_Logic_Error_Io
		_POWER_PWM
		_Push_Button
		_VFD_Current
		_VFD_SHORT_CIRCUIT_ERROR
		_Voltage_Error_Trigger
 This function is called by:
		Interrupt level 2
 This function uses a non-reentrant model


 *************** function _Voltage_Error_Trigger *****************
 Defined at:
		line 17 in file "ONE_SEC_FUNCTION.c"
 Parameters:    Size  Location     Type
		None
 Auto vars:     Size  Location     Type
		None
 Return value:  Size  Location     Type
                  1    wreg      void 
 Registers used:
		wreg, status,2, status,0, cstack
 Tracked objects:
		On entry : 
		On exit  : 
		Unchanged: 
 Data sizes:     COMRAM   BANK0   BANK1   BANK2
      Params:         0       0       0       0
      Locals:         0       0       0       0
      Temps:          0       0       0       0
      Totals:         0       0       0       0
Total ram usage:        0 bytes
 Hardware stack levels used:    1
 Hardware stack levels required when called:    1
 This function calls:
		i2___ftge
 This function is called by:
		_ISR
 This function uses a non-reentrant model


 *************** function _VFD_SHORT_CIRCUIT_ERROR *****************
 Defined at:
		line 92 in file "ONE_SEC_FUNCTION.c"
 Parameters:    Size  Location     Type
		None
 Auto vars:     Size  Location     Type
		None
 Return value:  Size  Location     Type
                  1    wreg      void 
 Registers used:
		wreg, status,2
 Tracked objects:
		On entry : 
		On exit  : 
		Unchanged: 
 Data sizes:     COMRAM   BANK0   BANK1   BANK2
      Params:         0       0       0       0
      Locals:         0       0       0       0
      Temps:          0       0       0       0
      Totals:         0       0       0       0
Total ram usage:        0 bytes
 Hardware stack levels used:    1
 This function calls:
		Nothing
 This function is called by:
		_ISR
 This function uses a non-reentrant model


 *************** function _VFD_Current *****************
 Defined at:
		line 78 in file "ONE_SEC_FUNCTION.c"
 Parameters:    Size  Location     Type
		None
 Auto vars:     Size  Location     Type
		None
 Return value:  Size  Location     Type
                  1    wreg      void 
 Registers used:
		wreg, status,2, status,0, cstack
 Tracked objects:
		On entry : 
		On exit  : 
		Unchanged: 
 Data sizes:     COMRAM   BANK0   BANK1   BANK2
      Params:         0       0       0       0
      Locals:         0       0       0       0
      Temps:          0       0       0       0
      Totals:         0       0       0       0
Total ram usage:        0 bytes
 Hardware stack levels used:    1
 Hardware stack levels required when called:    1
 This function calls:
		i2___ftge
 This function is called by:
		_ISR
 This function uses a non-reentrant model


 *************** function _Push_Button *****************
 Defined at:
		line 119 in file "ONE_SEC_FUNCTION.c"
 Parameters:    Size  Location     Type
		None
 Auto vars:     Size  Location     Type
		None
 Return value:  Size  Location     Type
                  1    wreg      void 
 Registers used:
		wreg, status,2, status,0, cstack
 Tracked objects:
		On entry : 
		On exit  : 
		Unchanged: 
 Data sizes:     COMRAM   BANK0   BANK1   BANK2
      Params:         0       0       0       0
      Locals:         0       0       0       0
      Temps:          0       0       0       0
      Totals:         0       0       0       0
Total ram usage:        0 bytes
 Hardware stack levels used:    1
 Hardware stack levels required when called:    3
 This function calls:
		_Cal
		_POWER_PWM
		i2___ftadd
		i2___ftge
 This function is called by:
		_ISR
 This function uses a non-reentrant model


 *************** function i2___ftge *****************
 Defined at:
		line 4 in file "C:\Program Files (x86)\Microchip\xc8\v1.38\sources\common\ftge.c"
 Parameters:    Size  Location     Type
  ff1             3    0[COMRAM] float 
  ff2             3    3[COMRAM] float 
 Auto vars:     Size  Location     Type
		None
 Return value:  Size  Location     Type
		None               void
 Registers used:
		wreg, status,2, status,0
 Tracked objects:
		On entry : 
		On exit  : 
		Unchanged: 
 Data sizes:     COMRAM   BANK0   BANK1   BANK2
      Params:         6       0       0       0
      Locals:         0       0       0       0
      Temps:          3       0       0       0
      Totals:         9       0       0       0
Total ram usage:        9 bytes
 Hardware stack levels used:    1
 This function calls:
		Nothing
 This function is called by:
		_Voltage_Error_Trigger
		_VFD_Current
		_Push_Button
 This function uses a non-reentrant model


 *************** function _POWER_PWM *****************
 Defined at:
		line 16 in file "PWM_MODULE.c"
 Parameters:    Size  Location     Type
		None
 Auto vars:     Size  Location     Type
		None
 Return value:  Size  Location     Type
                  1    wreg      void 
 Registers used:
		wreg, status,2
 Tracked objects:
		On entry : 
		On exit  : 
		Unchanged: 
 Data sizes:     COMRAM   BANK0   BANK1   BANK2
      Params:         0       0       0       0
      Locals:         0       0       0       0
      Temps:          0       0       0       0
      Totals:         0       0       0       0
Total ram usage:        0 bytes
 Hardware stack levels used:    1
 This function calls:
		Nothing
 This function is called by:
		_ISR
		_Push_Button
 This function uses a non-reentrant model


 *************** function _Cal *****************
 Defined at:
		line 31 in file "PWM_MODULE.c"
 Parameters:    Size  Location     Type
		None
 Auto vars:     Size  Location     Type
		None
 Return value:  Size  Location     Type
                  1    wreg      void 
 Registers used:
		wreg, status,2, status,0, cstack
 Tracked objects:
		On entry : 
		On exit  : 
		Unchanged: 
 Data sizes:     COMRAM   BANK0   BANK1   BANK2
      Params:         0       0       0       0
      Locals:         0       0       0       0
      Temps:          0       0       0       0
      Totals:         0       0       0       0
Total ram usage:        0 bytes
 Hardware stack levels used:    1
 Hardware stack levels required when called:    2
 This function calls:
		i2___ftadd
		i2___ftdiv
		i2___ftmul
		i2___fttol
 This function is called by:
		_Push_Button
 This function uses a non-reentrant model


 *************** function _Logic_Error_Io *****************
 Defined at:
		line 106 in file "ONE_SEC_FUNCTION.c"
 Parameters:    Size  Location     Type
		None
 Auto vars:     Size  Location     Type
		None
 Return value:  Size  Location     Type
                  1    wreg      void 
 Registers used:
		wreg, status,2
 Tracked objects:
		On entry : 
		On exit  : 
		Unchanged: 
 Data sizes:     COMRAM   BANK0   BANK1   BANK2
      Params:         0       0       0       0
      Locals:         0       0       0       0
      Temps:          0       0       0       0
      Totals:         0       0       0       0
Total ram usage:        0 bytes
 Hardware stack levels used:    1
 This function calls:
		Nothing
 This function is called by:
		_ISR
 This function uses a non-reentrant model


 *************** function _Auto_PWM_Cal *****************
 Defined at:
		line 48 in file "PWM_MODULE.c"
 Parameters:    Size  Location     Type
		None
 Auto vars:     Size  Location     Type
		None
 Return value:  Size  Location     Type
                  1    wreg      void 
 Registers used:
		wreg, status,2, status,0, cstack
 Tracked objects:
		On entry : 
		On exit  : 
		Unchanged: 
 Data sizes:     COMRAM   BANK0   BANK1   BANK2
      Params:         0       0       0       0
      Locals:         0       0       0       0
      Temps:          0       0       0       0
      Totals:         0       0       0       0
Total ram usage:        0 bytes
 Hardware stack levels used:    1
 Hardware stack levels required when called:    2
 This function calls:
		___lbtoft
		i2___ftadd
		i2___ftdiv
		i2___ftmul
		i2___fttol
 This function is called by:
		_ISR
 This function uses a non-reentrant model


 *************** function i2___fttol *****************
 Defined at:
		line 44 in file "C:\Program Files (x86)\Microchip\xc8\v1.38\sources\common\fttol.c"
 Parameters:    Size  Location     Type
  f1              3   35[COMRAM] float 
 Auto vars:     Size  Location     Type
  __fttol         4   45[COMRAM] unsigned long 
  __fttol         1   49[COMRAM] unsigned char 
  __fttol         1   44[COMRAM] unsigned char 
 Return value:  Size  Location     Type
                  4   35[COMRAM] long 
 Registers used:
		wreg, status,2, status,0
 Tracked objects:
		On entry : 
		On exit  : 
		Unchanged: 
 Data sizes:     COMRAM   BANK0   BANK1   BANK2
      Params:         4       0       0       0
      Locals:         6       0       0       0
      Temps:          5       0       0       0
      Totals:        15       0       0       0
Total ram usage:       15 bytes
 Hardware stack levels used:    1
 This function calls:
		Nothing
 This function is called by:
		_Cal
		_Auto_PWM_Cal
 This function uses a non-reentrant model


 *************** function i2___ftmul *****************
 Defined at:
		line 62 in file "C:\Program Files (x86)\Microchip\xc8\v1.38\sources\common\ftmul.c"
 Parameters:    Size  Location     Type
  f1              3   12[COMRAM] float 
  f2              3   15[COMRAM] float 
 Auto vars:     Size  Location     Type
  __ftmul         3   22[COMRAM] unsigned um
  __ftmul         1   26[COMRAM] unsigned char 
  __ftmul         1   25[COMRAM] unsigned char 
  __ftmul         1   21[COMRAM] unsigned char 
 Return value:  Size  Location     Type
                  3   12[COMRAM] float 
 Registers used:
		wreg, status,2, status,0, cstack
 Tracked objects:
		On entry : 
		On exit  : 
		Unchanged: 
 Data sizes:     COMRAM   BANK0   BANK1   BANK2
      Params:         6       0       0       0
      Locals:         6       0       0       0
      Temps:          3       0       0       0
      Totals:        15       0       0       0
Total ram usage:       15 bytes
 Hardware stack levels used:    1
 Hardware stack levels required when called:    1
 This function calls:
		i2___ftpack
 This function is called by:
		_Cal
		_Auto_PWM_Cal
 This function uses a non-reentrant model


 *************** function i2___ftdiv *****************
 Defined at:
		line 54 in file "C:\Program Files (x86)\Microchip\xc8\v1.38\sources\common\ftdiv.c"
 Parameters:    Size  Location     Type
  f1              3    8[COMRAM] float 
  f2              3   11[COMRAM] float 
 Auto vars:     Size  Location     Type
  __ftdiv         3   18[COMRAM] float 
  __ftdiv         1   22[COMRAM] unsigned char 
  __ftdiv         1   21[COMRAM] unsigned char 
  __ftdiv         1   17[COMRAM] unsigned char 
 Return value:  Size  Location     Type
                  3    8[COMRAM] float 
 Registers used:
		wreg, status,2, status,0, cstack
 Tracked objects:
		On entry : 
		On exit  : 
		Unchanged: 
 Data sizes:     COMRAM   BANK0   BANK1   BANK2
      Params:         6       0       0       0
      Locals:         6       0       0       0
      Temps:          3       0       0       0
      Totals:        15       0       0       0
Total ram usage:       15 bytes
 Hardware stack levels used:    1
 Hardware stack levels required when called:    1
 This function calls:
		i2___ftpack
 This function is called by:
		_Cal
		_Auto_PWM_Cal
 This function uses a non-reentrant model


 *************** function i2___ftadd *****************
 Defined at:
		line 86 in file "C:\Program Files (x86)\Microchip\xc8\v1.38\sources\common\ftadd.c"
 Parameters:    Size  Location     Type
  f1              3   23[COMRAM] float 
  f2              3   26[COMRAM] float 
 Auto vars:     Size  Location     Type
  __ftadd         1   34[COMRAM] unsigned char 
  __ftadd         1   33[COMRAM] unsigned char 
  __ftadd         1   32[COMRAM] unsigned char 
 Return value:  Size  Location     Type
                  3   23[COMRAM] float 
 Registers used:
		wreg, status,2, status,0, cstack
 Tracked objects:
		On entry : 
		On exit  : 
		Unchanged: 
 Data sizes:     COMRAM   BANK0   BANK1   BANK2
      Params:         6       0       0       0
      Locals:         3       0       0       0
      Temps:          3       0       0       0
      Totals:        12       0       0       0
Total ram usage:       12 bytes
 Hardware stack levels used:    1
 Hardware stack levels required when called:    1
 This function calls:
		i2___ftpack
 This function is called by:
		_Cal
		_Auto_PWM_Cal
		_Push_Button
 This function uses a non-reentrant model


 *************** function ___lbtoft *****************
 Defined at:
		line 27 in file "C:\Program Files (x86)\Microchip\xc8\v1.38\sources\common\lbtoft.c"
 Parameters:    Size  Location     Type
  c               1    wreg     unsigned char 
 Auto vars:     Size  Location     Type
  c               1   11[COMRAM] unsigned char 
 Return value:  Size  Location     Type
                  3    8[COMRAM] float 
 Registers used:
		wreg, status,2, status,0, cstack
 Tracked objects:
		On entry : 
		On exit  : 
		Unchanged: 
 Data sizes:     COMRAM   BANK0   BANK1   BANK2
      Params:         3       0       0       0
      Locals:         1       0       0       0
      Temps:          0       0       0       0
      Totals:         4       0       0       0
Total ram usage:        4 bytes
 Hardware stack levels used:    1
 Hardware stack levels required when called:    1
 This function calls:
		i2___ftpack
 This function is called by:
		_Auto_PWM_Cal
		_UART_Data
 This function uses a non-reentrant model


 *************** function i2___ftpack *****************
 Defined at:
		line 62 in file "C:\Program Files (x86)\Microchip\xc8\v1.38\sources\common\float.c"
 Parameters:    Size  Location     Type
  arg             3    0[COMRAM] unsigned um
  exp             1    3[COMRAM] unsigned char 
  sign            1    4[COMRAM] unsigned char 
 Auto vars:     Size  Location     Type
		None
 Return value:  Size  Location     Type
                  3    0[COMRAM] float 
 Registers used:
		wreg, status,2, status,0
 Tracked objects:
		On entry : 
		On exit  : 
		Unchanged: 
 Data sizes:     COMRAM   BANK0   BANK1   BANK2
      Params:         5       0       0       0
      Locals:         0       0       0       0
      Temps:          3       0       0       0
      Totals:         8       0       0       0
Total ram usage:        8 bytes
 Hardware stack levels used:    1
 This function calls:
		Nothing
 This function is called by:
		___lbtoft
		i2___ftadd
		i2___ftdiv
		i2___ftmul
 This function uses a non-reentrant model



MODULE INFORMATION

Module		Function		Class		Link	Load	Size
C:\Program Files (x86)\Microchip\xc8\v1.38\sources\common\float.c
		___ftpack      		CODE           	131C	0000	269

C:\Program Files (x86)\Microchip\xc8\v1.38\sources\common\float.c estimated size: 269

UART.c
		_usart_str_1   		CODE           	1D5E	0000	15
		_usart_init    		CODE           	1CF8	0000	27

UART.c estimated size: 42

C:\Program Files (x86)\Microchip\xc8\v1.38\sources\common\ftmul.c
		___ftmul       		CODE           	0E06	0000	351

C:\Program Files (x86)\Microchip\xc8\v1.38\sources\common\ftmul.c estimated size: 351

ONE_SEC_FUNCTION.c
		_Logic_Error_Io		CODE           	1CDC	0000	29
		_VFD_SHORT_CIRCUIT_ERROR		CODE           	1CBA	0000	35
		_Voltage_Error_Trigger		CODE           	1610	0000	243
		_VFD_Current   		CODE           	1B7E	0000	63
		_Push_Button   		CODE           	11F4	0000	297

ONE_SEC_FUNCTION.c estimated size: 667

C:\Program Files (x86)\Microchip\xc8\v1.38\sources\common\ftdiv.c
		___ftdiv       		CODE           	0F64	0000	333

C:\Program Files (x86)\Microchip\xc8\v1.38\sources\common\ftdiv.c estimated size: 333

newmain_2431.c
		_main          		CODE           	04CE	0000	1317

newmain_2431.c estimated size: 1317

C:\Program Files (x86)\Microchip\xc8\v1.38\sources\common\fttol.c
		___fttol       		CODE           	10B0	0000	325

C:\Program Files (x86)\Microchip\xc8\v1.38\sources\common\fttol.c estimated size: 325

shared
		i2___ftadd     		CODE           	0C5A	0000	429
		i2___ftdiv     		CODE           	1702	0000	231
		i2___fttol     		CODE           	1428	0000	245
		i2___ftge      		CODE           	19F0	0000	145
		i2___ftmul     		CODE           	151C	0000	245
		i2___ftpack    		CODE           	18B0	0000	175
		__initialization		CODE           	1B0A	0000	99
		_SINE_TABLE    		SMALLCONST     	0401	0000	201

shared estimated size: 1770

C:\Program Files (x86)\Microchip\xc8\v1.38\sources\common\lwtoft.c
		___lwtoft      		CODE           	1C48	0000	43

C:\Program Files (x86)\Microchip\xc8\v1.38\sources\common\lwtoft.c estimated size: 43

INITIATE.c
		_TIMER0_INITIATE		CODE           	1D46	0000	25
		_IO_Initiation 		CODE           	1D2C	0000	27

INITIATE.c estimated size: 52

ADC.c
		_VFD_CURRENT_ADC		CODE           	1BBC	0000	49
		_VFD_Current_INITIATE		CODE           	1D12	0000	27
		_DC_Bus_Volt_ADC		CODE           	1BEC	0000	49

ADC.c estimated size: 125

C:\Program Files (x86)\Microchip\xc8\v1.38\sources\common\lbtoft.c
		___lbtoft      		CODE           	1C96	0000	37

C:\Program Files (x86)\Microchip\xc8\v1.38\sources\common\lbtoft.c estimated size: 37

C:\Program Files (x86)\Microchip\xc8\v1.38\sources\common\ftadd.c
		___ftadd       		CODE           	09F2	0000	617

C:\Program Files (x86)\Microchip\xc8\v1.38\sources\common\ftadd.c estimated size: 617

ISR.c
		_ISR           		CODE           	0008	0000	961

ISR.c estimated size: 961

PWM_MODULE.c
		_POWER_PWM     		CODE           	1C72	0000	37
		_RS485_Data    		CODE           	1C1C	0000	45
		_Cal           		CODE           	1A80	0000	139
		_Auto_PWM_Cal  		CODE           	195E	0000	147

PWM_MODULE.c estimated size: 368

C:\Program Files (x86)\Microchip\xc8\v1.38\sources\common\ftge.c
		___ftge        		CODE           	17E8	0000	201

C:\Program Files (x86)\Microchip\xc8\v1.38\sources\common\ftge.c estimated size: 201

